// Jest Snapshot v1, https://goo.gl/fbAQLP

exports[`renders correctly 1`] = `
<ul
  className="main-list"
>
  <ul
    className="flex"
  >
    <li>
      <button
        className="tile"
        onClick={[Function]}
        type="button"
      >
        AC
      </button>
    </li>
    <li>
      <button
        className="tile"
        onClick={[Function]}
        type="button"
      >
        +/-
      </button>
    </li>
    <li>
      <button
        className="tile"
        onClick={[Function]}
        type="button"
      >
        %
      </button>
    </li>
  </ul>
  <ul
    className="num-list"
  >
    <li>
      <button
        className="tile"
        onClick={[Function]}
        type="button"
      >
        1
      </button>
    </li>
    <li>
      <button
        className="tile"
        onClick={[Function]}
        type="button"
      >
        2
      </button>
    </li>
    <li>
      <button
        className="tile"
        onClick={[Function]}
        type="button"
      >
        3
      </button>
    </li>
    <li>
      <button
        className="tile"
        onClick={[Function]}
        type="button"
      >
        4
      </button>
    </li>
    <li>
      <button
        className="tile"
        onClick={[Function]}
        type="button"
      >
        5
      </button>
    </li>
    <li>
      <button
        className="tile"
        onClick={[Function]}
        type="button"
      >
        6
      </button>
    </li>
    <li>
      <button
        className="tile"
        onClick={[Function]}
        type="button"
      >
        7
      </button>
    </li>
    <li>
      <button
        className="tile"
        onClick={[Function]}
        type="button"
      >
        8
      </button>
    </li>
    <li>
      <button
        className="tile"
        onClick={[Function]}
        type="button"
      >
        9
      </button>
    </li>
  </ul>
  <ul
    className="top-list"
  >
    <li>
      <button
        className="tile  wide"
        onClick={[Function]}
        type="button"
      >
        0
      </button>
    </li>
    <li>
      <button
        className="tile"
        onClick={[Function]}
        type="button"
      >
        .
      </button>
    </li>
  </ul>
</ul>
`;
